usart.hpp:32:3:UsartBuffer::UsartBuffer()	16	static
usart.hpp:38:8:bool UsartBuffer::enqueue(unsigned char)	16	static
usart.hpp:49:8:void UsartBuffer::inc_wp()	16	static
usart.hpp:52:8:void UsartBuffer::inc_rp()	16	static
usart.hpp:55:8:bool UsartBuffer::dequeue(unsigned char&)	16	static
usart.hpp:66:12:uint32_t UsartBuffer::get_line(char*, uint32_t)	32	static
usart.hpp:79:12:uint32_t UsartBuffer::nl_count()	16	static
core_wireless_control_rx.hpp:32:17:uint8_t CoreWirelessControlRx::char2int(char&)	24	static
core_wireless_control_rx.hpp:45:3:CoreWirelessControlRx::CoreWirelessControlRx(UsartBuffer*)	16	static
core_wireless_control_rx.hpp:49:8:bool CoreWirelessControlRx::parse()	88	static
core_wireless_control_rx.hpp:91:11:uint8_t CoreWirelessControlRx::test()	24	static
main.cpp:71:5:int main()	96	static
main.cpp:131:6:void SystemClock_Config()	96	static
main.cpp:174:13:void MX_USART1_UART_Init()	8	static
main.cpp:209:13:void MX_USART2_UART_Init()	8	static
main.cpp:244:13:void MX_GPIO_Init()	16	static
main.cpp:255:6:void HAL_UART_RxCpltCallback(UART_HandleTypeDef*)	48	static
main.cpp:274:6:void Error_Handler()	4	static,ignoring_inline_asm
main.cpp:283:1:void __static_initialization_and_destruction_0(int, int)	16	static
main.cpp:283:1:cpp)	8	static
