usart.hpp:32:3:UsartBuffer::UsartBuffer()	16	static
usart.hpp:38:8:bool UsartBuffer::enqueue(unsigned char)	16	static
usart.hpp:49:8:void UsartBuffer::inc_wp()	16	static
usart.hpp:52:8:void UsartBuffer::inc_rp()	16	static
usart.hpp:55:8:bool UsartBuffer::dequeue(unsigned char&)	16	static
usart.hpp:66:12:uint32_t UsartBuffer::get_line(char*, uint32_t)	32	static
usart.hpp:79:12:uint32_t UsartBuffer::nl_count()	16	static
core_wireless_control_rx.hpp:33:17:uint8_t CoreWirelessControlRx::char2int(char&)	24	static
core_wireless_control_rx.hpp:46:3:CoreWirelessControlRx::CoreWirelessControlRx(UsartBuffer*)	16	static
core_wireless_control_rx.hpp:50:8:bool CoreWirelessControlRx::parse()	88	static
core_wireless_control_rx.hpp:97:11:int16_t CoreWirelessControlRx::axis(uint8_t)	16	static
core_wireless_control_rx.hpp:101:8:bool CoreWirelessControlRx::button(uint8_t)	16	static
main.cpp:66:6:void uart_putc(uint8_t)	24	static
main.cpp:77:5:int main()	80	static
main.cpp:140:6:void SystemClock_Config()	96	static
main.cpp:183:13:void MX_USART1_UART_Init()	8	static
main.cpp:218:13:void MX_USART2_UART_Init()	8	static
main.cpp:253:13:void MX_GPIO_Init()	16	static
main.cpp:264:6:void HAL_UART_RxCpltCallback(UART_HandleTypeDef*)	48	static
main.cpp:283:6:void Error_Handler()	4	static,ignoring_inline_asm
main.cpp:292:1:void __static_initialization_and_destruction_0(int, int)	16	static
main.cpp:292:1:cpp)	8	static
